
> vanityerp-project@0.1.0 build
> prisma generate && next build

Environment variables loaded from .env
Prisma schema loaded from prisma\schema.prisma

Γ£ö Generated Prisma Client (v5.22.0) to .\node_modules\@prisma\client in 508ms

Start by importing your Prisma Client (See: https://pris.ly/d/importing-client)

Tip: Want to turn off tips and other hints? https://pris.ly/tip-4-nohints

   Γû▓ Next.js 15.4.2
   - Environments: .env.local, .env.production, .env

   Creating an optimized production build ...
node.exe :  ΓÜá Compiled with warnings in 15.0s
At line:1 char:1
+ & "C:\Program Files\nodejs/node.exe" "C:\Users\Qhab\AppData\Roaming\n ...
+ ~~~~~~~~~~~~~~~~~~~~~~~~~~~~~~~~~~~~~~~~~~~~~~~~~~~~~~~~~~~~~~~~~~~~~
    + CategoryInfo          : NotSpecified: ( ΓÜá Compiled with warnings in 1 
   5.0s:String) [], RemoteException
    + FullyQualifiedErrorId : NativeCommandError
 

./app/api/inventory/batches/[id]/route.ts
Attempted import error: 'getServerSession' is not exported from 'next-auth' 
(imported as 'getServerSession').

Import trace for requested module:
./app/api/inventory/batches/[id]/route.ts

./app/api/inventory/batches/[id]/route.ts
Attempted import error: 'getServerSession' is not exported from 'next-auth' 
(imported as 'getServerSession').

Import trace for requested module:
./app/api/inventory/batches/[id]/route.ts

./app/api/inventory/batches/route.ts
Attempted import error: 'getServerSession' is not exported from 'next-auth' 
(imported as 'getServerSession').

Import trace for requested module:
./app/api/inventory/batches/route.ts

./app/api/inventory/dispose/route.ts
Attempted import error: 'getServerSession' is not exported from 'next-auth' 
(imported as 'getServerSession').

Import trace for requested module:
./app/api/inventory/dispose/route.ts

./app/api/inventory/reorder/route.ts
Attempted import error: 'getServerSession' is not exported from 'next-auth' 
(imported as 'getServerSession').

Import trace for requested module:
./app/api/inventory/reorder/route.ts

./app/api/inventory/route.ts
Attempted import error: 'getServerSession' is not exported from 'next-auth' 
(imported as 'getServerSession').

Import trace for requested module:
./app/api/inventory/route.ts

./app/api/inventory/transactions/route.ts
Attempted import error: 'prisma' is not exported from '@/lib/db' (imported as 
'prisma').

Import trace for requested module:
./app/api/inventory/transactions/route.ts

./app/api/inventory/transactions/route.ts
Attempted import error: 'prisma' is not exported from '@/lib/db' (imported as 
'prisma').

Import trace for requested module:
./app/api/inventory/transactions/route.ts

./app/api/inventory/transactions/route.ts
Attempted import error: 'prisma' is not exported from '@/lib/db' (imported as 
'prisma').

Import trace for requested module:
./app/api/inventory/transactions/route.ts

./app/api/inventory/transactions/route.ts
Attempted import error: 'prisma' is not exported from '@/lib/db' (imported as 
'prisma').

Import trace for requested module:
./app/api/inventory/transactions/route.ts

./app/api/inventory/transactions/route.ts
Attempted import error: 'prisma' is not exported from '@/lib/db' (imported as 
'prisma').

Import trace for requested module:
./app/api/inventory/transactions/route.ts

./app/api/products/categories/route.ts
Attempted import error: 'getServerSession' is not exported from 'next-auth' 
(imported as 'getServerSession').

Import trace for requested module:
./app/api/products/categories/route.ts

./app/api/products/seed-categories/route.ts
Attempted import error: 'getServerSession' is not exported from 'next-auth' 
(imported as 'getServerSession').

Import trace for requested module:
./app/api/products/seed-categories/route.ts

./app/api/products/seed-comprehensive/route.ts
Attempted import error: 'getServerSession' is not exported from 'next-auth' 
(imported as 'getServerSession').

Import trace for requested module:
./app/api/products/seed-comprehensive/route.ts

./app/api/sales/route.ts
Attempted import error: 'getServerSession' is not exported from 'next-auth' 
(imported as 'getServerSession').

Import trace for requested module:
./app/api/sales/route.ts

./app/api/settings/route.ts
Attempted import error: 'prisma' is not exported from '@/lib/db' (imported as 
'prisma').

Import trace for requested module:
./app/api/settings/route.ts

./app/api/settings/route.ts
Attempted import error: 'prisma' is not exported from '@/lib/db' (imported as 
'prisma').

Import trace for requested module:
./app/api/settings/route.ts

./app/api/settings/route.ts
Attempted import error: 'prisma' is not exported from '@/lib/db' (imported as 
'prisma').

Import trace for requested module:
./app/api/settings/route.ts

./app/api/settings/route.ts
Attempted import error: 'prisma' is not exported from '@/lib/db' (imported as 
'prisma').

Import trace for requested module:
./app/api/settings/route.ts

./app/api/transactions/route.ts
Attempted import error: 'getServerSession' is not exported from 'next-auth' 
(imported as 'getServerSession').

Import trace for requested module:
./app/api/transactions/route.ts

 Γ£ô Compiled successfully in 27.0s
   Skipping validation of types
   Skipping linting
   Collecting page data ...
[ioredis] Unhandled error event: Error: connect ECONNREFUSED 127.0.0.1:6379
    at TCPConnectWrap.afterConnect [as oncomplete] (node:net:1637:16)
[ioredis] Unhandled error event: Error: connect ECONNREFUSED 127.0.0.1:6379
    at TCPConnectWrap.afterConnect [as oncomplete] (node:net:1637:16)
[ioredis] Unhandled error event: Error: connect ECONNREFUSED 127.0.0.1:6379
    at TCPConnectWrap.afterConnect [as oncomplete] (node:net:1637:16)
[ioredis] Unhandled error event: Error: connect ECONNREFUSED 127.0.0.1:6379
    at TCPConnectWrap.afterConnect [as oncomplete] (node:net:1637:16)
[ioredis] Unhandled error event: Error: connect ECONNREFUSED 127.0.0.1:6379
    at TCPConnectWrap.afterConnect [as oncomplete] (node:net:1637:16)
[ioredis] Unhandled error event: Error: connect ECONNREFUSED 127.0.0.1:6379
    at TCPConnectWrap.afterConnect [as oncomplete] (node:net:1637:16)
[ioredis] Unhandled error event: Error: connect ECONNREFUSED 127.0.0.1:6379
    at TCPConnectWrap.afterConnect [as oncomplete] (node:net:1637:16)
[ioredis] Unhandled error event: Error: connect ECONNREFUSED 127.0.0.1:6379
    at TCPConnectWrap.afterConnect [as oncomplete] (node:net:1637:16)
[ioredis] Unhandled error event: Error: connect ECONNREFUSED 127.0.0.1:6379
    at TCPConnectWrap.afterConnect [as oncomplete] (node:net:1637:16)
[ioredis] Unhandled error event: Error: connect ECONNREFUSED 127.0.0.1:6379
    at TCPConnectWrap.afterConnect [as oncomplete] (node:net:1637:16)
[ioredis] Unhandled error event: Error: connect ECONNREFUSED 127.0.0.1:6379
    at TCPConnectWrap.afterConnect [as oncomplete] (node:net:1637:16)
[ioredis] Unhandled error event: Error: connect ECONNREFUSED 127.0.0.1:6379
    at TCPConnectWrap.afterConnect [as oncomplete] (node:net:1637:16)
[ioredis] Unhandled error event: Error: connect ECONNREFUSED 127.0.0.1:6379
    at TCPConnectWrap.afterConnect [as oncomplete] (node:net:1637:16)
[ioredis] Unhandled error event: Error: connect ECONNREFUSED 127.0.0.1:6379
    at TCPConnectWrap.afterConnect [as oncomplete] (node:net:1637:16)
[ioredis] Unhandled error event: Error: connect ECONNREFUSED 127.0.0.1:6379
    at TCPConnectWrap.afterConnect [as oncomplete] (node:net:1637:16)
[ioredis] Unhandled error event: Error: connect ECONNREFUSED 127.0.0.1:6379
    at TCPConnectWrap.afterConnect [as oncomplete] (node:net:1637:16)
[ioredis] Unhandled error event: Error: connect ECONNREFUSED 127.0.0.1:6379
    at TCPConnectWrap.afterConnect [as oncomplete] (node:net:1637:16)
[ioredis] Unhandled error event: Error: connect ECONNREFUSED 127.0.0.1:6379
    at TCPConnectWrap.afterConnect [as oncomplete] (node:net:1637:16)
[ioredis] Unhandled error event: Error: connect ECONNREFUSED 127.0.0.1:6379
    at TCPConnectWrap.afterConnect [as oncomplete] (node:net:1637:16)
[ioredis] Unhandled error event: Error: connect ECONNREFUSED 127.0.0.1:6379
    at TCPConnectWrap.afterConnect [as oncomplete] (node:net:1637:16)
[ioredis] Unhandled error event: Error: connect ECONNREFUSED 127.0.0.1:6379
    at TCPConnectWrap.afterConnect [as oncomplete] (node:net:1637:16)
[ioredis] Unhandled error event: Error: connect ECONNREFUSED 127.0.0.1:6379
    at TCPConnectWrap.afterConnect [as oncomplete] (node:net:1637:16)
[ioredis] Unhandled error event: Error: connect ECONNREFUSED 127.0.0.1:6379
    at TCPConnectWrap.afterConnect [as oncomplete] (node:net:1637:16)
[ioredis] Unhandled error event: Error: connect ECONNREFUSED 127.0.0.1:6379
    at TCPConnectWrap.afterConnect [as oncomplete] (node:net:1637:16)
[ioredis] Unhandled error event: Error: connect ECONNREFUSED 127.0.0.1:6379
    at TCPConnectWrap.afterConnect [as oncomplete] (node:net:1637:16)
[ioredis] Unhandled error event: Error: connect ECONNREFUSED 127.0.0.1:6379
    at TCPConnectWrap.afterConnect [as oncomplete] (node:net:1637:16)
[ioredis] Unhandled error event: Error: connect ECONNREFUSED 127.0.0.1:6379
    at TCPConnectWrap.afterConnect [as oncomplete] (node:net:1637:16)
[ioredis] Unhandled error event: Error: connect ECONNREFUSED 127.0.0.1:6379
    at TCPConnectWrap.afterConnect [as oncomplete] (node:net:1637:16)
[ioredis] Unhandled error event: Error: connect ECONNREFUSED 127.0.0.1:6379
    at TCPConnectWrap.afterConnect [as oncomplete] (node:net:1637:16)
[ioredis] Unhandled error event: Error: connect ECONNREFUSED 127.0.0.1:6379
    at TCPConnectWrap.afterConnect [as oncomplete] (node:net:1637:16)
[ioredis] Unhandled error event: Error: connect ECONNREFUSED 127.0.0.1:6379
    at TCPConnectWrap.afterConnect [as oncomplete] (node:net:1637:16)
[ioredis] Unhandled error event: Error: connect ECONNREFUSED 127.0.0.1:6379
    at TCPConnectWrap.afterConnect [as oncomplete] (node:net:1637:16)
[ioredis] Unhandled error event: Error: connect ECONNREFUSED 127.0.0.1:6379
    at TCPConnectWrap.afterConnect [as oncomplete] (node:net:1637:16)
[ioredis] Unhandled error event: Error: connect ECONNREFUSED 127.0.0.1:6379
    at TCPConnectWrap.afterConnect [as oncomplete] (node:net:1637:16)
[ioredis] Unhandled error event: Error: connect ECONNREFUSED 127.0.0.1:6379
    at TCPConnectWrap.afterConnect [as oncomplete] (node:net:1637:16)
[ioredis] Unhandled error event: Error: connect ECONNREFUSED 127.0.0.1:6379
    at TCPConnectWrap.afterConnect [as oncomplete] (node:net:1637:16)
[ioredis] Unhandled error event: Error: connect ECONNREFUSED 127.0.0.1:6379
    at TCPConnectWrap.afterConnect [as oncomplete] (node:net:1637:16)
[ioredis] Unhandled error event: Error: connect ECONNREFUSED 127.0.0.1:6379
    at TCPConnectWrap.afterConnect [as oncomplete] (node:net:1637:16)
[ioredis] Unhandled error event: Error: connect ECONNREFUSED 127.0.0.1:6379
    at TCPConnectWrap.afterConnect [as oncomplete] (node:net:1637:16)
[ioredis] Unhandled error event: Error: connect ECONNREFUSED 127.0.0.1:6379
    at TCPConnectWrap.afterConnect [as oncomplete] (node:net:1637:16)
[ioredis] Unhandled error event: Error: connect ECONNREFUSED 127.0.0.1:6379
    at TCPConnectWrap.afterConnect [as oncomplete] (node:net:1637:16)
[ioredis] Unhandled error event: Error: connect ECONNREFUSED 127.0.0.1:6379
    at TCPConnectWrap.afterConnect [as oncomplete] (node:net:1637:16)
[ioredis] Unhandled error event: Error: connect ECONNREFUSED 127.0.0.1:6379
    at TCPConnectWrap.afterConnect [as oncomplete] (node:net:1637:16)
[ioredis] Unhandled error event: Error: connect ECONNREFUSED 127.0.0.1:6379
    at TCPConnectWrap.afterConnect [as oncomplete] (node:net:1637:16)
[ioredis] Unhandled error event: Error: connect ECONNREFUSED 127.0.0.1:6379
    at TCPConnectWrap.afterConnect [as oncomplete] (node:net:1637:16)
[ioredis] Unhandled error event: Error: connect ECONNREFUSED 127.0.0.1:6379
    at TCPConnectWrap.afterConnect [as oncomplete] (node:net:1637:16)
[ioredis] Unhandled error event: Error: connect ECONNREFUSED 127.0.0.1:6379
    at TCPConnectWrap.afterConnect [as oncomplete] (node:net:1637:16)
[ioredis] Unhandled error event: Error: connect ECONNREFUSED 127.0.0.1:6379
    at TCPConnectWrap.afterConnect [as oncomplete] (node:net:1637:16)
[ioredis] Unhandled error event: Error: connect ECONNREFUSED 127.0.0.1:6379
    at TCPConnectWrap.afterConnect [as oncomplete] (node:net:1637:16)
[ioredis] Unhandled error event: Error: connect ECONNREFUSED 127.0.0.1:6379
    at TCPConnectWrap.afterConnect [as oncomplete] (node:net:1637:16)
[ioredis] Unhandled error event: Error: connect ECONNREFUSED 127.0.0.1:6379
    at TCPConnectWrap.afterConnect [as oncomplete] (node:net:1637:16)
[ioredis] Unhandled error event: Error: connect ECONNREFUSED 127.0.0.1:6379
    at TCPConnectWrap.afterConnect [as oncomplete] (node:net:1637:16)
[ioredis] Unhandled error event: Error: connect ECONNREFUSED 127.0.0.1:6379
    at TCPConnectWrap.afterConnect [as oncomplete] (node:net:1637:16)
[ioredis] Unhandled error event: Error: connect ECONNREFUSED 127.0.0.1:6379
    at TCPConnectWrap.afterConnect [as oncomplete] (node:net:1637:16)
   Generating static pages (0/119) ...
[ioredis] Unhandled error event: Error: connect ECONNREFUSED 127.0.0.1:6379
    at TCPConnectWrap.afterConnect [as oncomplete] (node:net:1637:16)
[ioredis] Unhandled error event: Error: connect ECONNREFUSED 127.0.0.1:6379
    at TCPConnectWrap.afterConnect [as oncomplete] (node:net:1637:16)
[ioredis] Unhandled error event: Error: connect ECONNREFUSED 127.0.0.1:6379
    at TCPConnectWrap.afterConnect [as oncomplete] (node:net:1637:16)
[ioredis] Unhandled error event: Error: connect ECONNREFUSED 127.0.0.1:6379
    at TCPConnectWrap.afterConnect [as oncomplete] (node:net:1637:16)
[ioredis] Unhandled error event: Error: connect ECONNREFUSED 127.0.0.1:6379
    at TCPConnectWrap.afterConnect [as oncomplete] (node:net:1637:16)
[ioredis] Unhandled error event: Error: connect ECONNREFUSED 127.0.0.1:6379
    at TCPConnectWrap.afterConnect [as oncomplete] (node:net:1637:16)
≡ƒÜÇ LocationProvider: Component initialized
≡ƒÜÇ LocationProvider: Current locations state: 0 locations
≡ƒÜÇ LocationProvider: Component initialized
≡ƒÜÇ LocationProvider: Current locations state: 0 locations
≡ƒÜÇ LocationProvider: Component initialized
≡ƒÜÇ LocationProvider: Current locations state: 0 locations
≡ƒÜÇ LocationProvider: Component initialized
≡ƒÜÇ LocationProvider: Current locations state: 0 locations
≡ƒÜÇ LocationProvider: Component initialized
≡ƒÜÇ LocationProvider: Current locations state: 0 locations
≡ƒÜÇ LocationProvider: Component initialized
≡ƒÜÇ LocationProvider: Current locations state: 0 locations
≡ƒÜÇ LocationProvider: Component initialized
≡ƒÜÇ LocationProvider: Current locations state: 0 locations
≡ƒÜÇ LocationProvider: Component initialized
≡ƒÜÇ LocationProvider: Current locations state: 0 locations
[ioredis] Unhandled error event: Error: connect ECONNREFUSED 127.0.0.1:6379
    at TCPConnectWrap.afterConnect [as oncomplete] (node:net:1637:16)
[ioredis] Unhandled error event: Error: connect ECONNREFUSED 127.0.0.1:6379
    at TCPConnectWrap.afterConnect [as oncomplete] (node:net:1637:16)
≡ƒÜÇ LocationProvider: Component initialized
≡ƒÜÇ LocationProvider: Current locations state: 0 locations
≡ƒÜÇ LocationProvider: Component initialized
≡ƒÜÇ LocationProvider: Current locations state: 0 locations
≡ƒÜÇ LocationProvider: Component initialized
≡ƒÜÇ LocationProvider: Current locations state: 0 locations
≡ƒÜÇ LocationProvider: Component initialized
≡ƒÜÇ LocationProvider: Current locations state: 0 locations
≡ƒÜÇ LocationProvider: Component initialized
≡ƒÜÇ LocationProvider: Current locations state: 0 locations
[ioredis] Unhandled error event: Error: connect ECONNREFUSED 127.0.0.1:6379
    at TCPConnectWrap.afterConnect [as oncomplete] (node:net:1637:16)
[ioredis] Unhandled error event: Error: connect ECONNREFUSED 127.0.0.1:6379
    at TCPConnectWrap.afterConnect [as oncomplete] (node:net:1637:16)
≡ƒÜÇ LocationProvider: Component initialized
≡ƒÜÇ LocationProvider: Current locations state: 0 locations
≡ƒÜÇ LocationProvider: Component initialized
≡ƒÜÇ LocationProvider: Current locations state: 0 locations
≡ƒÜÇ LocationProvider: Component initialized
≡ƒÜÇ LocationProvider: Current locations state: 0 locations
≡ƒÜÇ LocationProvider: Component initialized
≡ƒÜÇ LocationProvider: Current locations state: 0 locations
≡ƒÜÇ LocationProvider: Component initialized
≡ƒÜÇ LocationProvider: Current locations state: 0 locations
≡ƒÜÇ LocationProvider: Component initialized
≡ƒÜÇ LocationProvider: Current locations state: 0 locations
≡ƒÜÇ LocationProvider: Component initialized
≡ƒÜÇ LocationProvider: Current locations state: 0 locations
≡ƒÜÇ LocationProvider: Component initialized
≡ƒÜÇ LocationProvider: Current locations state: 0 locations
≡ƒÜÇ LocationProvider: Component initialized
≡ƒÜÇ LocationProvider: Current locations state: 0 locations
≡ƒÜÇ LocationProvider: Component initialized
≡ƒÜÇ LocationProvider: Current locations state: 0 locations
≡ƒÜÇ LocationProvider: Component initialized
≡ƒÜÇ LocationProvider: Current locations state: 0 locations
[ioredis] Unhandled error event: Error: connect ECONNREFUSED 127.0.0.1:6379
    at TCPConnectWrap.afterConnect [as oncomplete] (node:net:1637:16)
   Generating static pages (29/119) 
≡ƒÜÇ LocationProvider: Component initialized
≡ƒÜÇ LocationProvider: Current locations state: 0 locations
≡ƒÜÇ LocationProvider: Component initialized
≡ƒÜÇ LocationProvider: Current locations state: 0 locations
≡ƒÜÇ LocationProvider: Component initialized
≡ƒÜÇ LocationProvider: Current locations state: 0 locations
≡ƒÜÇ LocationProvider: Component initialized
≡ƒÜÇ LocationProvider: Current locations state: 0 locations
≡ƒÜÇ LocationProvider: Component initialized
≡ƒÜÇ LocationProvider: Current locations state: 0 locations
≡ƒÜÇ LocationProvider: Component initialized
≡ƒÜÇ LocationProvider: Current locations state: 0 locations
≡ƒÜÇ LocationProvider: Component initialized
≡ƒÜÇ LocationProvider: Current locations state: 0 locations
≡ƒÜÇ LocationProvider: Component initialized
≡ƒÜÇ LocationProvider: Current locations state: 0 locations
≡ƒÜÇ LocationProvider: Component initialized
≡ƒÜÇ LocationProvider: Current locations state: 0 locations
≡ƒÜÇ LocationProvider: Component initialized
≡ƒÜÇ LocationProvider: Current locations state: 0 locations
≡ƒÜÇ LocationProvider: Component initialized
≡ƒÜÇ LocationProvider: Current locations state: 0 locations
≡ƒÜÇ LocationProvider: Component initialized
≡ƒÜÇ LocationProvider: Current locations state: 0 locations
≡ƒÜÇ LocationProvider: Component initialized
≡ƒÜÇ LocationProvider: Current locations state: 0 locations
≡ƒÜÇ LocationProvider: Component initialized
≡ƒÜÇ LocationProvider: Current locations state: 0 locations
≡ƒÜÇ LocationProvider: Component initialized
≡ƒÜÇ LocationProvider: Current locations state: 0 locations
[ioredis] Unhandled error event: Error: connect ECONNREFUSED 127.0.0.1:6379
    at TCPConnectWrap.afterConnect [as oncomplete] (node:net:1637:16)
[ioredis] Unhandled error event: Error: connect ECONNREFUSED 127.0.0.1:6379
    at TCPConnectWrap.afterConnect [as oncomplete] (node:net:1637:16)
[ioredis] Unhandled error event: Error: connect ECONNREFUSED 127.0.0.1:6379
    at TCPConnectWrap.afterConnect [as oncomplete] (node:net:1637:16)
[ioredis] Unhandled error event: Error: connect ECONNREFUSED 127.0.0.1:6379
    at TCPConnectWrap.afterConnect [as oncomplete] (node:net:1637:16)
[ioredis] Unhandled error event: Error: connect ECONNREFUSED 127.0.0.1:6379
    at TCPConnectWrap.afterConnect [as oncomplete] (node:net:1637:16)
   Generating static pages (59/119) 
[ioredis] Unhandled error event: Error: connect ECONNREFUSED 127.0.0.1:6379
    at TCPConnectWrap.afterConnect [as oncomplete] (node:net:1637:16)
[ioredis] Unhandled error event: Error: connect ECONNREFUSED 127.0.0.1:6379
    at TCPConnectWrap.afterConnect [as oncomplete] (node:net:1637:16)
   Generating static pages (89/119) 
[ioredis] Unhandled error event: Error: connect ECONNREFUSED 127.0.0.1:6379
    at TCPConnectWrap.afterConnect [as oncomplete] (node:net:1637:16)
[ioredis] Unhandled error event: Error: connect ECONNREFUSED 127.0.0.1:6379
    at TCPConnectWrap.afterConnect [as oncomplete] (node:net:1637:16)
[ioredis] Unhandled error event: Error: connect ECONNREFUSED 127.0.0.1:6379
    at TCPConnectWrap.afterConnect [as oncomplete] (node:net:1637:16)
[ioredis] Unhandled error event: Error: connect ECONNREFUSED 127.0.0.1:6379
    at TCPConnectWrap.afterConnect [as oncomplete] (node:net:1637:16)
[ioredis] Unhandled error event: Error: connect ECONNREFUSED 127.0.0.1:6379
    at TCPConnectWrap.afterConnect [as oncomplete] (node:net:1637:16)
[ioredis] Unhandled error event: Error: connect ECONNREFUSED 127.0.0.1:6379
    at TCPConnectWrap.afterConnect [as oncomplete] (node:net:1637:16)
 Γ£ô Generating static pages (119/119)
[ioredis] Unhandled error event: Error: connect ECONNREFUSED 127.0.0.1:6379
    at TCPConnectWrap.afterConnect [as oncomplete] (node:net:1637:16)
[ioredis] Unhandled error event: Error: connect ECONNREFUSED 127.0.0.1:6379
    at TCPConnectWrap.afterConnect [as oncomplete] (node:net:1637:16)
[ioredis] Unhandled error event: Error: connect ECONNREFUSED 127.0.0.1:6379
    at TCPConnectWrap.afterConnect [as oncomplete] (node:net:1637:16)
[ioredis] Unhandled error event: Error: connect ECONNREFUSED 127.0.0.1:6379
    at TCPConnectWrap.afterConnect [as oncomplete] (node:net:1637:16)
   Finalizing page optimization ...
   Collecting build traces ...

Route (app)                                    Size  First Load JS
Γöî Γùï /                                         178 B         109 kB
Γö£ Γùï /_not-found                               998 B         101 kB
Γö£ ╞Æ /api/add-real-staff                       353 B         101 kB
Γö£ ╞Æ /api/admin/cache-management               353 B         101 kB
Γö£ ╞Æ /api/admin/monitoring                     353 B         101 kB
Γö£ ╞Æ /api/analytics/inventory                  353 B         101 kB
Γö£ ╞Æ /api/appointments                         194 B         119 kB
Γö£ ╞Æ /api/auth/[...nextauth]                   353 B         101 kB
Γö£ ╞Æ /api/check-db                             353 B         101 kB
Γö£ ╞Æ /api/check-env                            353 B         101 kB
Γö£ ╞Æ /api/cleanup-data                         353 B         101 kB
Γö£ ╞Æ /api/cleanup-locations                    353 B         101 kB
Γö£ ╞Æ /api/client-portal/appointments           194 B         119 kB
Γö£ ╞Æ /api/client-portal/loyalty                353 B         101 kB
Γö£ ╞Æ /api/client-portal/products               353 B         101 kB
Γö£ ╞Æ /api/client-portal/referrals              353 B         101 kB
Γö£ ╞Æ /api/client-portal/reviews                353 B         101 kB
Γö£ ╞Æ /api/clients                              353 B         101 kB
Γö£ ╞Æ /api/clients/[id]                         353 B         101 kB
Γö£ ╞Æ /api/clients/[id]/history                 353 B         101 kB
Γö£ ╞Æ /api/clients/check-duplicate              353 B         101 kB
Γö£ ╞Æ /api/clients/create                       353 B         101 kB
Γö£ ╞Æ /api/clients/lookup                       353 B         101 kB
Γö£ ╞Æ /api/db/init                              353 B         101 kB
Γö£ ╞Æ /api/deactivate-duplicates                353 B         101 kB
Γö£ ╞Æ /api/debug-auth                           353 B         101 kB
Γö£ ╞Æ /api/debug-staff                          353 B         101 kB
Γö£ ╞Æ /api/debug/products                       353 B         101 kB
Γö£ ╞Æ /api/debug/user-locations                 353 B         101 kB
Γö£ ╞Æ /api/delete-duplicates                    353 B         101 kB
Γö£ ╞Æ /api/ensure-admin                         353 B         101 kB
Γö£ ╞Æ /api/errors/report                        353 B         101 kB
Γö£ ╞Æ /api/fix-locations                        353 B         101 kB
Γö£ ╞Æ /api/health                               353 B         101 kB
Γö£ ╞Æ /api/init                                 353 B         101 kB
Γö£ ╞Æ /api/inventory                            353 B         101 kB
Γö£ ╞Æ /api/inventory/add-stock-all-locations    353 B         101 kB
Γö£ ╞Æ /api/inventory/adjust                     353 B         101 kB
Γö£ ╞Æ /api/inventory/adjust-multi-location      353 B         101 kB
Γö£ ╞Æ /api/inventory/batches                    353 B         101 kB
Γö£ ╞Æ /api/inventory/batches/[id]               353 B         101 kB
Γö£ ╞Æ /api/inventory/dispose                    353 B         101 kB
Γö£ ╞Æ /api/inventory/reorder                    353 B         101 kB
Γö£ ╞Æ /api/inventory/sale                     1.19 kB         114 kB
Γö£ ╞Æ /api/inventory/transactions               353 B         101 kB
Γö£ ╞Æ /api/inventory/transfer                   353 B         101 kB
Γö£ ╞Æ /api/locations                            353 B         101 kB
Γö£ ╞Æ /api/locations/[id]                       353 B         101 kB
Γö£ ╞Æ /api/migrate-data                         353 B         101 kB
Γö£ ╞Æ /api/migrate-location-refs                353 B         101 kB
Γö£ ╞Æ /api/products                             353 B         101 kB
Γö£ ╞Æ /api/products/[id]                        353 B         101 kB
Γö£ ╞Æ /api/products/categories                  353 B         101 kB
Γö£ ╞Æ /api/products/categories/[id]             353 B         101 kB
Γö£ ╞Æ /api/products/seed                        353 B         101 kB
Γö£ ╞Æ /api/products/seed-categories             353 B         101 kB
Γö£ ╞Æ /api/products/seed-comprehensive          353 B         101 kB
Γö£ ╞Æ /api/products/types                       353 B         101 kB
Γö£ ╞Æ /api/products/types/[id]                  353 B         101 kB
Γö£ ╞Æ /api/refresh-locations                    353 B         101 kB
Γö£ ╞Æ /api/register                             353 B         101 kB
Γö£ ╞Æ /api/reports/products                     353 B         101 kB
Γö£ ╞Æ /api/reports/sales                        353 B         101 kB
Γö£ ╞Æ /api/reports/services                     353 B         101 kB
Γö£ ╞Æ /api/reports/staff                        353 B         101 kB
Γö£ ╞Æ /api/reset-locations                      353 B         101 kB
Γö£ ╞Æ /api/sales                                162 B         104 kB
Γö£ ╞Æ /api/seed-locations                       353 B         101 kB
Γö£ ╞Æ /api/seed-services                        353 B         101 kB
Γö£ ╞Æ /api/seed-staff                           353 B         101 kB
Γö£ ╞Æ /api/service-categories                   353 B         101 kB
Γö£ ╞Æ /api/service-categories/[id]              353 B         101 kB
Γö£ ╞Æ /api/services                             353 B         101 kB
Γö£ ╞Æ /api/services/[id]                        353 B         101 kB
Γö£ ╞Æ /api/settings                             353 B         101 kB
Γö£ ╞Æ /api/shop/products                        353 B         101 kB
Γö£ ╞Æ /api/staff                                353 B         101 kB
Γö£ ╞Æ /api/staff/[id]                           353 B         101 kB
Γö£ ╞Æ /api/staff/[id]/services                  353 B         101 kB
Γö£ ╞Æ /api/staff/credentials                    353 B         101 kB
Γö£ ╞Æ /api/staff/credentials/[staffId]          353 B         101 kB
Γö£ ╞Æ /api/staff/credentials/generate-test      353 B         101 kB
Γö£ ╞Æ /api/staff/without-credentials            353 B         101 kB
Γö£ ╞Æ /api/status                               353 B         101 kB
Γö£ ╞Æ /api/sync-service-locations               353 B         101 kB
Γö£ ╞Æ /api/sync-staff-locations                 353 B         101 kB
Γö£ ╞Æ /api/sync-user-locations                  353 B         101 kB
Γö£ ╞Æ /api/test-admin-login                     353 B         101 kB
Γö£ ╞Æ /api/test-auth                            353 B         101 kB
Γö£ ╞Æ /api/test-db                              353 B         101 kB
Γö£ ╞Æ /api/test-inventory-adjust                353 B         101 kB
Γö£ ╞Æ /api/test-inventory-alerts                353 B         101 kB
Γö£ ╞Æ /api/transactions                         353 B         101 kB
Γö£ Γùï /client-portal                          10.6 kB         129 kB
Γö£ Γùï /client-portal/appointments             13.9 kB         188 kB
Γö£ Γùï /client-portal/appointments/book        23.7 kB         209 kB
Γö£ Γùï /client-portal/dashboard                28.2 kB         266 kB
Γö£ Γùï /client-portal/favorites                4.74 kB         132 kB
Γö£ Γùï /client-portal/loyalty                  18.4 kB         159 kB
Γö£ Γùï /client-portal/orders                   4.93 kB         171 kB
Γö£ ╞Æ /client-portal/orders/[orderId]         6.09 kB         172 kB
Γö£ Γùï /client-portal/profile                  14.1 kB         132 kB
Γö£ Γùï /client-portal/reviews                  11.5 kB         146 kB
Γö£ Γùï /client-portal/services                 10.6 kB         176 kB
Γö£ Γùï /client-portal/shop                     18.3 kB         150 kB
Γö£ ╞Æ /client-portal/shop/[id]                7.28 kB         135 kB
Γö£ Γùï /client-portal/shop/cart                6.66 kB         131 kB
Γö£ Γùï /client-portal/shop/checkout            13.9 kB         190 kB
Γö£ Γùï /client-portal/shop/order-success       4.66 kB         167 kB
Γö£ Γùï /client-portal/track-order              4.98 kB         167 kB
Γö£ Γùï /client-portal/wishlist                 5.48 kB         130 kB
Γö£ Γùï /dashboard                              20.5 kB         259 kB
Γö£ Γùï /dashboard/accounting                   44.6 kB         396 kB
Γö£ Γùï /dashboard/admin/location-integration   6.01 kB         134 kB
Γö£ Γùï /dashboard/appointments                   54 kB         296 kB
Γö£ Γùï /dashboard/appointments/availability     6.2 kB         170 kB
Γö£ Γùï /dashboard/clients                      18.8 kB         228 kB
Γö£ ╞Æ /dashboard/clients/[id]                 13.9 kB         242 kB
Γö£ Γùï /dashboard/feedback                      8.8 kB         149 kB
Γö£ Γùï /dashboard/gift-cards-memberships       20.5 kB         228 kB
Γö£ Γùï /dashboard/help                         9.96 kB         150 kB
Γö£ Γùï /dashboard/hr                             43 kB         267 kB
Γö£ Γùï /dashboard/inventory                    32.7 kB         212 kB
Γö£ Γùï /dashboard/notifications                11.8 kB         178 kB
Γö£ Γùï /dashboard/orders                       14.9 kB         222 kB
Γö£ Γùï /dashboard/pos                          9.09 kB         203 kB
Γö£ Γùï /dashboard/profile                      9.19 kB         162 kB
Γö£ Γùï /dashboard/reports                      31.8 kB         380 kB
Γö£ Γùï /dashboard/services                     13.4 kB         185 kB
Γö£ Γùï /dashboard/settings                     74.2 kB         287 kB
Γö£ Γùï /dashboard/staff                          17 kB         339 kB
Γö£ Γùï /login                                  4.21 kB         128 kB
Γöö Γùï /register                               6.79 kB         118 kB
+ First Load JS shared by all                100 kB
  Γö£ chunks/4bd1b696-9909f507f95988b8.js     54.1 kB
  Γö£ chunks/5964-9e8df96079f6ec5b.js         43.7 kB
  Γöö other shared chunks (total)             2.56 kB


╞Æ Middleware                                33.7 kB

Γùï  (Static)   prerendered as static content
╞Æ  (Dynamic)  server-rendered on demand

